BEGIN WINTER 759 ADJUSTMENTS

COLONIES 							(COLONIAL)		FOO GOL KOB
DARBARATE 							(DARBARIAN)		OCH SAN SER
EMPIRE								(IMPERIAL)		LEP MOL OBR
FREECITIES							(FREE)			ARR HOL TWW
GOLIATHS							(GOLIATH)		ANA CLI IRO
NEWBARTIZAN							(BARTIZAN)		ADA NEW SNA
ORCS								(ORCISH)		BLA CAN DUR GAR

UNOWNED								DEV ELE EVE HOW NAL RES RIV ROT SAL STO SUN TAP

ADAMANTIUM MINES					=	ADA
ANAKALATHAI							=	ANA
BAY OF ANGELS						=	ANG
ARRENDALE							=	ARR
BLACKMANE TRIBE						=	BLA
BEYOND THE CANYON					=	CAN
CHASER'S ORDEAL						=	CHA
CLIFFBORN							=	CLI
THE DEEP							=	DEE
DEVIL'S ANCHOR						=	DEV
DJINNSLEEP							=	DJI
DRESTYN								=	DRE
DURAIN MADAR						=	DUR
EARTHBOUND							=	EAR
ELECTRIC CASTLE						=	ELE
ETRUS								=	ETR
EVERLIGHT KEEP						=	EVE
THE FAR REACHES						=	FAR
FEYPOINT							=	FEY
FIESCHLET							=	FIE
FOOL'S LANDING						=	FOO
TEMPLE OF GALATHARNAX				=	GAL
GARN ASPEN							=	GAR
GHOSTWELL							=	GHO
GULF OF THE GOOD KING OMEN			=	GKO
GOLD MINES							=	GOL
GRASSLANDS							=	GRA
HANGING ROCK						=	HAN
HOLLOWBROOK							=	HOL
HOWLING PEAKS						=	HOW
BEYOND THE HUGE TREE				=	HUG
IMPERIAL BLUES						=	IMP
IRONMIST							=	IRO
KOBOLD MOUND						=	KOB
LANGRFJORD							=	LAN
LEPEZ								=	LEP
LAKE MADAR							=	MAD
MOIST ELVES							=	MOI
MOLNATH								=	MOL
BEYOND MURKWATER					=	MUR
NORTH ALEXANDRIA					=	NAL
NEW BARTIZAN						=	NEW
OASIS BURNT							=	OAS
OBELISK OF DIRECTION				=	OBE
OBRYWICE							=	OBR
OCHRE FALLS							=	OCH
PLAINRISE							=	PLA
RAVEN'S PEAK						=	RAV
RESTLESS REPOSE						=	RES
RIVENGIANTS							=	RIV
ROTELOCH PINES						=	ROT
SOUTH ALEXANDRIA					=	SAL
SANDPOINT							=	SAN
SERIMET'S CRADLE					=	SER
SHIPWRECK STRAIGHTS					=	SHI
SLITHERING CREEK					=	SLI
SEA OF THE MERFOLKS NORTH			=	SMN
SEA OF THE MERFOLKS SOUTH			=	SMS
SNAKE GOD CAVE						=	SNA
ISLE OF SORROWS						=	SOR
SEA OF TORMENTS EAST				=	STE
SEA OF TORMENTS NORTH				=	STN
STORMSIDE							=	STO
SEA OF TORMENTS SOUTH				=	STS
SEA OF TORMENTS WEST				=	STW
SUNDERED MARCH						=	SUN
TAPERTEN WEEDS						=	TAP
THERONDIA							=	THE
PASS OF THE TITANS					=	TIT
TOWERWATCH							=	TOW
TURQUOISE SEA						=	TUR
THAT WHICH WATCHES OVER THE LAKE	=	TWW
WINDBREAKER							=	WBR
WINDLESS PLAINS						=	WPL
WYRMSONG TIDE						=	WYR

COAST	ADA		ABUTS	SHI SMS SNA NEW WYR
COAST	ANA		ABUTS	IRO EAR PLA IMP TIT
WATER	ANG		ABUTS	STW WPL OCH RES
COAST	ARR		ABUTS	HOL TWW HAN FEY STE
LAND	BLA		ABUTS	GAR DUR RAV SLI CAN
COAST	CAN		ABUTS	BLA SLI HUG SMS SMN
WATER	CHA		ABUTS	FOO GKO HOW SUN OBR DRE STS STE SOR FEY
COAST	CLI		ABUTS	LAN FIE EAR IRO
WATER	DEE		ABUTS	TIT RIV MUR
COAST	DEV		ABUTS	FAR SHI WYR TUR
COAST	DJI		ABUTS	SAN TUR WYR STO res och OAS
COAST	DRE		ABUTS	STS CHA OBR THE
COAST	DUR		ABUTS	MAD EVE RAV BLA GAR WBR
LAND	EAR		ABUTS	CLI FIE PLA ANA IRO
LAND	ELE		ABUTS	ROT EVE GAL HAN TWW MOI
COAST	ETR		ABUTS	IMP PLA fie LEP
COAST	EVE		ABUTS	MAD TAP GAL ELE ROT RAV DUR
WATER	FAR		ABUTS	SHI DEV TUR
COAST	FEY		ABUTS	CHA STE ARR HAN GOL FOO
COAST	FIE		ABUTS	LAN SAL MOL obr lep etr pla EAR CLI
COAST	FOO		ABUTS	CHA FEY GOL KOB GHO MUR GKO
LAND	GAL		ABUTS	ELE EVE TAP KOB GOL HAN
LAND	GAR		ABUTS	MUR GHO WBR DUR BLA
LAND	GHO		ABUTS	KOB WBR GAR MUR FOO
WATER	GKO		ABUTS	FOO MUR HOW CHA
LAND	GOL		ABUTS	GAL KOB FOO FEY HAN
COAST	GRA		ABUTS	NEW sna TOW moi HOL STN WYR
LAND	HAN		ABUTS	TWW ELE GAL GOL FEY ARR
COAST	HOL		ABUTS	GRA moi TWW ARR STE STN
COAST	HOW		ABUTS	CHA GKO MUR RIV IMP SUN
COAST	HUG		ABUTS	SMS CAN SLI OBE MOI SNA
WATER	IMP		ABUTS	ANA PLA ETR LEP OBR SUN HOW RIV TIT
COAST	IRO		ABUTS	LAN CLI EAR ANA TIT
COAST	KOB		ABUTS	MAD WBR GHO FOO GOL GAL TAP
WATER	LAN		ABUTS	SER NAL SAL FIE CLI IRO TIT
COAST	LEP		ABUTS	IMP ETR fie OBR
WATER	MAD		ABUTS	DUR WBR KOB TAP EVE
COAST	MOI		ABUTS	SNA HUG OBE ROT ELE TWW hol gra TOW
LAND	MOL		ABUTS	WPL THE OBR FIE SAL NAL
COAST	MUR		ABUTS	DEE RIV HOW GKO FOO GHO GAR
COAST	NAL		ABUTS	LAN SER wpl MOL SAL
COAST	NEW		ABUTS	WYR ADA sna GRA
LAND	OAS		ABUTS	SAN DJI OCH WPL SER
LAND	OBE		ABUTS	HUG SLI ROT MOI
COAST	OBR		ABUTS	CHA SUN IMP LEP fie MOL the DRE
COAST	OCH		ABUTS	ANG WPL OAS dji RES
COAST	PLA		ABUTS	ANA EAR fie ETR IMP
LAND	RAV		ABUTS	SLI BLA DUR EVE ROT
COAST	RES		ABUTS	STO STW ANG OCH dji
COAST	RIV		ABUTS	HOW MUR DEE TIT IMP
LAND	ROT		ABUTS	SLI RAV EVE ELE MOI OBE
COAST	SAL		ABUTS	LAN NAL MOL FIE
COAST	SAN		ABUTS	TUR DJI OAS
COAST	SER		ABUTS	OAS wpl NAL LAN
WATER	SHI		ABUTS	FAR SMN SMS ADA WYR DEV
LAND	SLI		ABUTS	CAN BLA RAV ROT OBE HUG
WATER	SMN		ABUTS	CAN SMS SHI
WATER	SMS		ABUTS	SMN CAN HUG SNA ADA SHI
COAST	SNA		ABUTS	SMS HUG MOI TOW gra new ADA
WATER	SOR		ABUTS	STE CHA
WATER	STE		ABUTS	HOL ARR FEY SOR CHA STS STW STN
WATER	STN		ABUTS	WYR GRA HOL STE STS STW
COAST	STO		ABUTS	WYR STW RES DJI
WATER	STS		ABUTS	STN STE CHA DRE THE STW
WATER	STW		ABUTS	WYR STN STE STS THE WPL ANG RES STO
PORT	SUN		ABUTS	CHA HOW IMP OBR
COAST	TAP		ABUTS	MAD KOB GAL EVE
COAST	THE		ABUTS	STW STS DRE obr MOL WPL
WATER	TIT		ABUTS	LAN IRO ANA IMP RIV DEE
LAND	TOW		ABUTS	SNA MOI GRA
WATER	TUR		ABUTS	FAR DEV WYR DJI SAN
LAND	TWW		ABUTS	MOI ELE HAN ARR HOL
COAST	WBR		ABUTS	MAD DUR GAR GHO KOB
COAST	WPL		ABUTS	ANG STW THE MOL nal ser OAS OCH
WATER	WYR		ABUTS	SHI ADA NEW GRA STN STW STO DJI TUR DEV
